QNEURO_PLAN jobs=66 scheduler=vram_adaptive max_parallel=0 batch=32 epochs=100 workers=0 wandb=disabled reserve_mb=1024 estimate_mb=4300
LAUNCHED job=seed:P1 screen=qneuro_seed_P1 active=1 free_mb=24262
LAUNCHED job=seed:P2 screen=qneuro_seed_P2 active=2 free_mb=21251
LAUNCHED job=seed:P3 screen=qneuro_seed_P3 active=3 free_mb=18242
LAUNCHED job=seed:P4 screen=qneuro_seed_P4 active=4 free_mb=15233
LAUNCHED job=seed:P5 screen=qneuro_seed_P5 active=5 free_mb=12270
LAUNCHED job=seed:P6 screen=qneuro_seed_P6 active=6 free_mb=9739
LAUNCHED job=seed:P7 screen=qneuro_seed_P7 active=7 free_mb=8086
WAIT_CAPACITY remaining=8 active=7 free_mb=5221 reserve_mb=1024
WAIT_CAPACITY remaining=8 active=7 free_mb=5209 reserve_mb=1024
WAIT_CAPACITY remaining=8 active=7 free_mb=3243 reserve_mb=1024
WAIT_CAPACITY remaining=8 active=7 free_mb=3197 reserve_mb=1024
LAUNCHED job=seed:P8 screen=qneuro_seed_P8 active=7 free_mb=6206
WAIT_CAPACITY remaining=8 active=7 free_mb=5207 reserve_mb=1024
WAIT_CAPACITY remaining=8 active=7 free_mb=5187 reserve_mb=1024
WAIT_CAPACITY remaining=8 active=7 free_mb=3243 reserve_mb=1024
WAIT_CAPACITY remaining=8 active=7 free_mb=3197 reserve_mb=1024
LAUNCHED job=seed:P9 screen=qneuro_seed_P9 active=7 free_mb=6206
WAIT_CAPACITY remaining=8 active=7 free_mb=5199 reserve_mb=1024
WAIT_CAPACITY remaining=8 active=7 free_mb=5185 reserve_mb=1024
WAIT_CAPACITY remaining=8 active=7 free_mb=3243 reserve_mb=1024
WAIT_CAPACITY remaining=8 active=7 free_mb=3197 reserve_mb=1024
LAUNCHED job=seed:P10 screen=qneuro_seed_P10 active=7 free_mb=6206
WAIT_CAPACITY remaining=8 active=7 free_mb=5225 reserve_mb=1024
WAIT_CAPACITY remaining=8 active=7 free_mb=5211 reserve_mb=1024
WAIT_CAPACITY remaining=8 active=7 free_mb=3243 reserve_mb=1024
LAUNCHED job=seed:P11 screen=qneuro_seed_P11 active=7 free_mb=6206
WAIT_CAPACITY remaining=8 active=7 free_mb=5235 reserve_mb=1024
WAIT_CAPACITY remaining=8 active=7 free_mb=5225 reserve_mb=1024
WAIT_CAPACITY remaining=7 active=7 free_mb=3305 reserve_mb=1024
LAUNCHED job=seed:P12 screen=qneuro_seed_P12 active=7 free_mb=6206
LAUNCHED job=seed:P13 screen=qneuro_seed_P13 active=7 free_mb=8190
LAUNCHED job=seed:P14 screen=qneuro_seed_P14 active=7 free_mb=8208
WAIT_CAPACITY remaining=10 active=7 free_mb=5189 reserve_mb=1024
WAIT_CAPACITY remaining=8 active=7 free_mb=5177 reserve_mb=1024
WAIT_CAPACITY remaining=8 active=7 free_mb=3243 reserve_mb=1024
WAIT_CAPACITY remaining=8 active=7 free_mb=3197 reserve_mb=1024
LAUNCHED job=seed:P15 screen=qneuro_seed_P15 active=7 free_mb=6206
WAIT_CAPACITY remaining=8 active=7 free_mb=5195 reserve_mb=1024
WAIT_CAPACITY remaining=8 active=7 free_mb=5193 reserve_mb=1024
WAIT_CAPACITY remaining=8 active=7 free_mb=3243 reserve_mb=1024
WAIT_CAPACITY remaining=8 active=7 free_mb=3197 reserve_mb=1024
LAUNCHED job=seediv:P1 screen=qneuro_seediv_P1 active=7 free_mb=6206
WAIT_CAPACITY remaining=8 active=7 free_mb=4847 reserve_mb=1024
WAIT_CAPACITY remaining=8 active=7 free_mb=4831 reserve_mb=1024
WAIT_CAPACITY remaining=8 active=7 free_mb=3689 reserve_mb=1024
WAIT_CAPACITY remaining=8 active=7 free_mb=3973 reserve_mb=1024
LAUNCHED job=seediv:P2 screen=qneuro_seediv_P2 active=7 free_mb=6974
LAUNCHED job=seediv:P3 screen=qneuro_seediv_P3 active=8 free_mb=5575
WAIT_CAPACITY remaining=9 active=8 free_mb=3394 reserve_mb=1024
WAIT_CAPACITY remaining=9 active=8 free_mb=3392 reserve_mb=1024
WAIT_CAPACITY remaining=8 active=7 free_mb=5233 reserve_mb=1024
LAUNCHED job=seediv:P4 screen=qneuro_seediv_P4 active=8 free_mb=5325
WAIT_CAPACITY remaining=9 active=8 free_mb=4460 reserve_mb=1024
WAIT_CAPACITY remaining=9 active=8 free_mb=4448 reserve_mb=1024
LAUNCHED job=seediv:P5 screen=qneuro_seediv_P5 active=8 free_mb=5995
WAIT_CAPACITY remaining=9 active=8 free_mb=5266 reserve_mb=1024
WAIT_CAPACITY remaining=9 active=8 free_mb=5246 reserve_mb=1024
LAUNCHED job=seediv:P6 screen=qneuro_seediv_P6 active=8 free_mb=6763
LAUNCHED job=seediv:P7 screen=qneuro_seediv_P7 active=8 free_mb=8955
LAUNCHED job=seediv:P8 screen=qneuro_seediv_P8 active=9 free_mb=6478
WAIT_CAPACITY remaining=11 active=9 free_mb=4359 reserve_mb=1024
WAIT_CAPACITY remaining=10 active=9 free_mb=4355 reserve_mb=1024
WAIT_CAPACITY remaining=10 active=9 free_mb=4299 reserve_mb=1024
WAIT_CAPACITY remaining=3 active=8 free_mb=5300 reserve_mb=1024
WAIT_CAPACITY remaining=3 active=8 free_mb=5292 reserve_mb=1024
LAUNCHED job=seediv:P2 screen=qneuro_seediv_P2 active=9 free_mb=5574
WAIT_CAPACITY remaining=10 active=9 free_mb=4693 reserve_mb=1024
WAIT_CAPACITY remaining=10 active=9 free_mb=4689 reserve_mb=1024
WAIT_CAPACITY remaining=10 active=9 free_mb=4555 reserve_mb=1024
WAIT_CAPACITY remaining=10 active=9 free_mb=6738 reserve_mb=1024
WAIT_CAPACITY remaining=7 active=8 free_mb=5292 reserve_mb=1024
LAUNCHED job=seediv:P6 screen=qneuro_seediv_P6 active=9 free_mb=5574
WAIT_CAPACITY remaining=10 active=9 free_mb=4687 reserve_mb=1024
WAIT_CAPACITY remaining=10 active=9 free_mb=6738 reserve_mb=1024
WAIT_CAPACITY remaining=3 active=8 free_mb=5290 reserve_mb=1024
LAUNCHED job=seediv:P2 screen=qneuro_seediv_P2 active=9 free_mb=5572
WAIT_CAPACITY remaining=10 active=9 free_mb=4689 reserve_mb=1024
WAIT_CAPACITY remaining=10 active=9 free_mb=4685 reserve_mb=1024
WAIT_CAPACITY remaining=10 active=9 free_mb=4495 reserve_mb=1024
WAIT_CAPACITY remaining=7 active=8 free_mb=5290 reserve_mb=1024
LAUNCHED job=seediv:P6 screen=qneuro_seediv_P6 active=8 free_mb=8299
LAUNCHED job=seediv:P9 screen=qneuro_seediv_P9 active=9 free_mb=7564
WAIT_CAPACITY remaining=10 active=9 free_mb=5099 reserve_mb=1024
WAIT_CAPACITY remaining=10 active=9 free_mb=5097 reserve_mb=1024
WAIT_CAPACITY remaining=10 active=9 free_mb=7242 reserve_mb=1024
LAUNCHED job=seediv:P10 screen=qneuro_seediv_P10 active=9 free_mb=6068
LAUNCHED job=seediv:P11 screen=qneuro_seediv_P11 active=10 free_mb=5463
FAILED_AFTER_RETRIES job=seediv:P2 attempts=3 log=/home/namphuongtran9196/intel_project/QNeuro/results/seediv_P2.screen.log
QNEURO_DISPATCH_FAILED failed=1 timestamp=2026-08-31T09:36:03+00:00
QNEURO_SUPERVISOR_RESTART timestamp=2026-08-31T09:36:03+00:00
QNEURO_PLAN jobs=66 scheduler=vram_adaptive max_parallel=0 batch=32 epochs=100 workers=0 wandb=disabled reserve_mb=1024 estimate_mb=4300
LAUNCHED job=seediv:P2 screen=qneuro_seediv_P2 active=9 free_mb=5892
LAUNCHED job=seediv:P6 screen=qneuro_seediv_P6 active=10 free_mb=5427
WAIT_CAPACITY remaining=9 active=9 free_mb=5183 reserve_mb=1024
WAIT_CAPACITY remaining=9 active=9 free_mb=5181 reserve_mb=1024
LAUNCHED job=seediv:P2 screen=qneuro_seediv_P2 active=9 free_mb=7166
WAIT_CAPACITY remaining=9 active=9 free_mb=5167 reserve_mb=1024
WAIT_CAPACITY remaining=9 active=9 free_mb=5165 reserve_mb=1024
WAIT_CAPACITY remaining=9 active=8 free_mb=6694 reserve_mb=1024
LAUNCHED job=seediv:P5 screen=qneuro_seediv_P5 active=9 free_mb=6068
LAUNCHED job=seediv:P9 screen=qneuro_seediv_P9 active=10 free_mb=5453
WAIT_CAPACITY remaining=10 active=9 free_mb=5185 reserve_mb=1024
WAIT_CAPACITY remaining=4 active=9 free_mb=5185 reserve_mb=1024
WAIT_CAPACITY remaining=4 active=9 free_mb=7210 reserve_mb=1024
LAUNCHED job=seediv:P4 screen=qneuro_seediv_P4 active=9 free_mb=6068
LAUNCHED job=seediv:P7 screen=qneuro_seediv_P7 active=10 free_mb=5463
WAIT_CAPACITY remaining=9 active=9 free_mb=5183 reserve_mb=1024
WAIT_CAPACITY remaining=9 active=9 free_mb=5179 reserve_mb=1024
WAIT_CAPACITY remaining=9 active=9 free_mb=7482 reserve_mb=1024
LAUNCHED job=seediv:P4 screen=qneuro_seediv_P4 active=9 free_mb=6060
LAUNCHED job=seediv:P9 screen=qneuro_seediv_P9 active=10 free_mb=5465
WAIT_CAPACITY remaining=10 active=9 free_mb=5181 reserve_mb=1024
WAIT_CAPACITY remaining=7 active=9 free_mb=5179 reserve_mb=1024
WAIT_CAPACITY remaining=7 active=8 free_mb=7498 reserve_mb=1024
LAUNCHED job=seediv:P4 screen=qneuro_seediv_P4 active=9 free_mb=6060
LAUNCHED job=seediv:P7 screen=qneuro_seediv_P7 active=10 free_mb=5453
WAIT_CAPACITY remaining=9 active=9 free_mb=5181 reserve_mb=1024
WAIT_CAPACITY remaining=9 active=9 free_mb=4977 reserve_mb=1024
LAUNCHED job=seediv:P9 screen=qneuro_seediv_P9 active=9 free_mb=6062
LAUNCHED job=seediv:P10 screen=qneuro_seediv_P10 active=10 free_mb=5465
FAILED_AFTER_RETRIES job=seediv:P4 attempts=3 log=/home/namphuongtran9196/intel_project/QNeuro/results/seediv_P4.screen.log
QNEURO_DISPATCH_FAILED failed=1 timestamp=2026-08-31T10:04:14+00:00
QNEURO_SUPERVISOR_RESTART timestamp=2026-08-31T10:04:14+00:00
QNEURO_PLAN jobs=66 scheduler=vram_adaptive max_parallel=0 batch=32 epochs=100 workers=0 wandb=disabled reserve_mb=1024 estimate_mb=4300
WAIT_CAPACITY remaining=4 active=9 free_mb=7484 reserve_mb=1024
LAUNCHED job=seediv:P4 screen=qneuro_seediv_P4 active=9 free_mb=6060
LAUNCHED job=seediv:P7 screen=qneuro_seediv_P7 active=10 free_mb=5461
WAIT_CAPACITY remaining=9 active=9 free_mb=5187 reserve_mb=1024
WAIT_CAPACITY remaining=5 active=9 free_mb=5187 reserve_mb=1024
WAIT_CAPACITY remaining=5 active=9 free_mb=4963 reserve_mb=1024
LAUNCHED job=seediv:P4 screen=qneuro_seediv_P4 active=9 free_mb=6060
LAUNCHED job=seediv:P5 screen=qneuro_seediv_P5 active=10 free_mb=5463
WAIT_CAPACITY remaining=7 active=9 free_mb=5183 reserve_mb=1024
WAIT_CAPACITY remaining=7 active=9 free_mb=5181 reserve_mb=1024
LAUNCHED job=seediv:P7 screen=qneuro_seediv_P7 active=9 free_mb=7484
WAIT_CAPACITY remaining=9 active=9 free_mb=5157 reserve_mb=1024
WAIT_CAPACITY remaining=4 active=9 free_mb=5155 reserve_mb=1024
WAIT_CAPACITY remaining=4 active=9 free_mb=4967 reserve_mb=1024
LAUNCHED job=seediv:P4 screen=qneuro_seediv_P4 active=9 free_mb=6060
LAUNCHED job=seediv:P5 screen=qneuro_seediv_P5 active=10 free_mb=5463
WAIT_CAPACITY remaining=7 active=9 free_mb=5181 reserve_mb=1024
WAIT_CAPACITY remaining=7 active=9 free_mb=5169 reserve_mb=1024
WAIT_CAPACITY remaining=7 active=9 free_mb=7202 reserve_mb=1024
LAUNCHED job=seediv:P2 screen=qneuro_seediv_P2 active=9 free_mb=6068
LAUNCHED job=seediv:P7 screen=qneuro_seediv_P7 active=10 free_mb=5455
WAIT_CAPACITY remaining=9 active=9 free_mb=5157 reserve_mb=1024
WAIT_CAPACITY remaining=1 active=9 free_mb=5155 reserve_mb=1024
WAIT_CAPACITY remaining=1 active=9 free_mb=4971 reserve_mb=1024
LAUNCHED job=seediv:P1 screen=qneuro_seediv_P1 active=9 free_mb=6060
LAUNCHED job=seediv:P2 screen=qneuro_seediv_P2 active=10 free_mb=5463
FAILED_AFTER_RETRIES job=seediv:P7 attempts=3 log=/home/namphuongtran9196/intel_project/QNeuro/results/seediv_P7.screen.log
QNEURO_DISPATCH_FAILED failed=1 timestamp=2026-08-31T10:46:19+00:00
QNEURO_SUPERVISOR_RESTART timestamp=2026-08-31T10:46:19+00:00
QNEURO_PLAN jobs=66 scheduler=vram_adaptive max_parallel=0 batch=32 epochs=100 workers=0 wandb=disabled reserve_mb=1024 estimate_mb=4300
WAIT_CAPACITY remaining=7 active=9 free_mb=7476 reserve_mb=1024
LAUNCHED job=seediv:P1 screen=qneuro_seediv_P1 active=9 free_mb=6060
LAUNCHED job=seediv:P7 screen=qneuro_seediv_P7 active=10 free_mb=5463
WAIT_CAPACITY remaining=9 active=9 free_mb=5137 reserve_mb=1024
WAIT_CAPACITY remaining=2 active=9 free_mb=5133 reserve_mb=1024
WAIT_CAPACITY remaining=2 active=9 free_mb=7480 reserve_mb=1024
LAUNCHED job=seediv:P1 screen=qneuro_seediv_P1 active=9 free_mb=6060
LAUNCHED job=seediv:P2 screen=qneuro_seediv_P2 active=10 free_mb=5467
WAIT_CAPACITY remaining=7 active=9 free_mb=5183 reserve_mb=1024
WAIT_CAPACITY remaining=7 active=9 free_mb=7464 reserve_mb=1024
LAUNCHED job=seediv:P1 screen=qneuro_seediv_P1 active=9 free_mb=6060
LAUNCHED job=seediv:P7 screen=qneuro_seediv_P7 active=10 free_mb=5463
WAIT_CAPACITY remaining=9 active=9 free_mb=5163 reserve_mb=1024
WAIT_CAPACITY remaining=2 active=9 free_mb=5161 reserve_mb=1024
WAIT_CAPACITY remaining=2 active=9 free_mb=4949 reserve_mb=1024
LAUNCHED job=seediv:P2 screen=qneuro_seediv_P2 active=9 free_mb=6060
LAUNCHED job=seediv:P9 screen=qneuro_seediv_P9 active=10 free_mb=5465
FAILED_AFTER_RETRIES job=seediv:P1 attempts=3 log=/home/namphuongtran9196/intel_project/QNeuro/results/seediv_P1.screen.log
QNEURO_DISPATCH_FAILED failed=1 timestamp=2026-08-31T11:15:57+00:00
QNEURO_SUPERVISOR_RESTART timestamp=2026-08-31T11:15:57+00:00
QNEURO_PLAN jobs=66 scheduler=vram_adaptive max_parallel=0 batch=32 epochs=100 workers=0 wandb=disabled reserve_mb=1024 estimate_mb=4300
WAIT_CAPACITY remaining=1 active=9 free_mb=7462 reserve_mb=1024
LAUNCHED job=seediv:P1 screen=qneuro_seediv_P1 active=9 free_mb=6060
LAUNCHED job=seediv:P2 screen=qneuro_seediv_P2 active=10 free_mb=5461
WAIT_CAPACITY remaining=7 active=9 free_mb=5177 reserve_mb=1024
WAIT_CAPACITY remaining=7 active=9 free_mb=5165 reserve_mb=1024
LAUNCHED job=seediv:P1 screen=qneuro_seediv_P1 active=9 free_mb=6412
WAIT_CAPACITY remaining=7 active=9 free_mb=5169 reserve_mb=1024
WAIT_CAPACITY remaining=7 active=9 free_mb=7468 reserve_mb=1024
LAUNCHED job=seediv:P2 screen=qneuro_seediv_P2 active=9 free_mb=6060
LAUNCHED job=seediv:P7 screen=qneuro_seediv_P7 active=10 free_mb=5467
WAIT_CAPACITY remaining=9 active=9 free_mb=5161 reserve_mb=1024
WAIT_CAPACITY remaining=1 active=9 free_mb=5159 reserve_mb=1024
WAIT_CAPACITY remaining=1 active=9 free_mb=4967 reserve_mb=1024
LAUNCHED job=seediv:P1 screen=qneuro_seediv_P1 active=9 free_mb=6060
LAUNCHED job=seediv:P2 screen=qneuro_seediv_P2 active=10 free_mb=5451
WAIT_CAPACITY remaining=7 active=9 free_mb=5183 reserve_mb=1024
WAIT_CAPACITY remaining=7 active=9 free_mb=5181 reserve_mb=1024
WAIT_CAPACITY remaining=7 active=9 free_mb=4963 reserve_mb=1024
LAUNCHED job=seediv:P7 screen=qneuro_seediv_P7 active=9 free_mb=6062
LAUNCHED job=seediv:P9 screen=qneuro_seediv_P9 active=10 free_mb=5465
FAILED_AFTER_RETRIES job=seediv:P1 attempts=3 log=/home/namphuongtran9196/intel_project/QNeuro/results/seediv_P1.screen.log
FAILED_AFTER_RETRIES job=seediv:P2 attempts=3 log=/home/namphuongtran9196/intel_project/QNeuro/results/seediv_P2.screen.log
QNEURO_DISPATCH_FAILED failed=2 timestamp=2026-08-31T12:08:43+00:00
QNEURO_SUPERVISOR_RESTART timestamp=2026-08-31T12:08:43+00:00
QNEURO_PLAN jobs=66 scheduler=vram_adaptive max_parallel=0 batch=32 epochs=100 workers=0 wandb=disabled reserve_mb=1024 estimate_mb=4300
LAUNCHED job=seediv:P1 screen=qneuro_seediv_P1 active=9 free_mb=6430
WAIT_CAPACITY remaining=2 active=9 free_mb=5279 reserve_mb=1024
WAIT_CAPACITY remaining=2 active=9 free_mb=4795 reserve_mb=1024
WAIT_CAPACITY remaining=2 active=8 free_mb=7478 reserve_mb=1024
LAUNCHED job=seediv:P2 screen=qneuro_seediv_P2 active=9 free_mb=6060
LAUNCHED job=seediv:P7 screen=qneuro_seediv_P7 active=9 free_mb=7614
WAIT_CAPACITY remaining=8 active=9 free_mb=5115 reserve_mb=1024
WAIT_CAPACITY remaining=8 active=9 free_mb=5109 reserve_mb=1024
WAIT_CAPACITY remaining=8 active=9 free_mb=4961 reserve_mb=1024
LAUNCHED job=seediv:P1 screen=qneuro_seediv_P1 active=9 free_mb=6066
LAUNCHED job=seediv:P9 screen=qneuro_seediv_P9 active=10 free_mb=5453
WAIT_CAPACITY remaining=11 active=9 free_mb=5179 reserve_mb=1024
WAIT_CAPACITY remaining=6 active=9 free_mb=5179 reserve_mb=1024
WAIT_CAPACITY remaining=6 active=9 free_mb=7186 reserve_mb=1024
LAUNCHED job=seediv:P2 screen=qneuro_seediv_P2 active=9 free_mb=6066
LAUNCHED job=seediv:P7 screen=qneuro_seediv_P7 active=10 free_mb=5457
WAIT_CAPACITY remaining=11 active=9 free_mb=5213 reserve_mb=1024
WAIT_CAPACITY remaining=1 active=9 free_mb=5213 reserve_mb=1024
WAIT_CAPACITY remaining=1 active=9 free_mb=4953 reserve_mb=1024
LAUNCHED job=seediv:P1 screen=qneuro_seediv_P1 active=9 free_mb=6058
LAUNCHED job=seediv:P2 screen=qneuro_seediv_P2 active=9 free_mb=7592
WAIT_CAPACITY remaining=10 active=9 free_mb=5127 reserve_mb=1024
WAIT_CAPACITY remaining=10 active=9 free_mb=5121 reserve_mb=1024
WAIT_CAPACITY remaining=10 active=8 free_mb=7474 reserve_mb=1024
LAUNCHED job=seediv:P12 screen=qneuro_seediv_P12 active=9 free_mb=6058
LAUNCHED job=seediv:P13 screen=qneuro_seediv_P13 active=10 free_mb=5461
FAILED_AFTER_RETRIES job=seediv:P1 attempts=3 log=/home/namphuongtran9196/intel_project/QNeuro/results/seediv_P1.screen.log
FAILED_AFTER_RETRIES job=seediv:P2 attempts=3 log=/home/namphuongtran9196/intel_project/QNeuro/results/seediv_P2.screen.log
QNEURO_DISPATCH_FAILED failed=2 timestamp=2026-08-31T12:17:30+00:00
QNEURO_SUPERVISOR_RESTART timestamp=2026-08-31T12:17:30+00:00
QNEURO_PLAN jobs=66 scheduler=vram_adaptive max_parallel=0 batch=32 epochs=100 workers=0 wandb=disabled reserve_mb=1024 estimate_mb=4300
WAIT_CAPACITY remaining=1 active=8 free_mb=7480 reserve_mb=1024
LAUNCHED job=seediv:P1 screen=qneuro_seediv_P1 active=9 free_mb=6058
LAUNCHED job=seediv:P2 screen=qneuro_seediv_P2 active=10 free_mb=5467
WAIT_CAPACITY remaining=7 active=9 free_mb=5167 reserve_mb=1024
WAIT_CAPACITY remaining=7 active=9 free_mb=5161 reserve_mb=1024
WAIT_CAPACITY remaining=7 active=9 free_mb=7482 reserve_mb=1024
LAUNCHED job=seediv:P1 screen=qneuro_seediv_P1 active=9 free_mb=6058
LAUNCHED job=seediv:P9 screen=qneuro_seediv_P9 active=10 free_mb=5461
LAUNCHED job=seediv:P12 screen=qneuro_seediv_P12 active=10 free_mb=5651
LAUNCHED job=seediv:P14 screen=qneuro_seediv_P14 active=10 free_mb=5533
WAIT_CAPACITY remaining=13 active=9 free_mb=5231 reserve_mb=1024
WAIT_CAPACITY remaining=1 active=9 free_mb=5229 reserve_mb=1024
WAIT_CAPACITY remaining=1 active=9 free_mb=7186 reserve_mb=1024
LAUNCHED job=seediv:P1 screen=qneuro_seediv_P1 active=9 free_mb=6068
LAUNCHED job=seediv:P2 screen=qneuro_seediv_P2 active=10 free_mb=5463
WAIT_CAPACITY remaining=6 active=9 free_mb=5159 reserve_mb=1024
WAIT_CAPACITY remaining=6 active=9 free_mb=5157 reserve_mb=1024
WAIT_CAPACITY remaining=6 active=8 free_mb=7462 reserve_mb=1024
LAUNCHED job=seediv:P7 screen=qneuro_seediv_P7 active=9 free_mb=6060
LAUNCHED job=seediv:P9 screen=qneuro_seediv_P9 active=9 free_mb=7614
FAILED_AFTER_RETRIES job=seediv:P1 attempts=3 log=/home/namphuongtran9196/intel_project/QNeuro/results/seediv_P1.screen.log
QNEURO_DISPATCH_FAILED failed=1 timestamp=2026-08-31T12:50:09+00:00
QNEURO_SUPERVISOR_RESTART timestamp=2026-08-31T12:50:09+00:00
QNEURO_PLAN jobs=66 scheduler=vram_adaptive max_parallel=0 batch=32 epochs=100 workers=0 wandb=disabled reserve_mb=1024 estimate_mb=4300
WAIT_CAPACITY remaining=1 active=9 free_mb=7466 reserve_mb=1024
LAUNCHED job=seediv:P1 screen=qneuro_seediv_P1 active=8 free_mb=8299
LAUNCHED job=seediv:P7 screen=qneuro_seediv_P7 active=9 free_mb=7586
WAIT_CAPACITY remaining=8 active=9 free_mb=5101 reserve_mb=1024
WAIT_CAPACITY remaining=8 active=9 free_mb=5097 reserve_mb=1024
WAIT_CAPACITY remaining=8 active=9 free_mb=4971 reserve_mb=1024
LAUNCHED job=seediv:P9 screen=qneuro_seediv_P9 active=9 free_mb=6066
LAUNCHED job=seediv:P12 screen=qneuro_seediv_P12 active=10 free_mb=5459
WAIT_CAPACITY remaining=11 active=9 free_mb=5179 reserve_mb=1024
WAIT_CAPACITY remaining=1 active=9 free_mb=5179 reserve_mb=1024
WAIT_CAPACITY remaining=1 active=9 free_mb=7198 reserve_mb=1024
LAUNCHED job=seediv:P1 screen=qneuro_seediv_P1 active=9 free_mb=6066
LAUNCHED job=seediv:P7 screen=qneuro_seediv_P7 active=10 free_mb=5459
WAIT_CAPACITY remaining=6 active=9 free_mb=5177 reserve_mb=1024
WAIT_CAPACITY remaining=6 active=9 free_mb=5171 reserve_mb=1024
WAIT_CAPACITY remaining=6 active=9 free_mb=4953 reserve_mb=1024
LAUNCHED job=seediv:P1 screen=qneuro_seediv_P1 active=9 free_mb=6058
LAUNCHED job=seediv:P9 screen=qneuro_seediv_P9 active=10 free_mb=5459
WAIT_CAPACITY remaining=8 active=9 free_mb=5185 reserve_mb=1024
WAIT_CAPACITY remaining=8 active=9 free_mb=7468 reserve_mb=1024
LAUNCHED job=seediv:P12 screen=qneuro_seediv_P12 active=9 free_mb=6058
LAUNCHED job=seediv:P15 screen=qneuro_seediv_P15 active=10 free_mb=5463
FAILED_AFTER_RETRIES job=seediv:P1 attempts=3 log=/home/namphuongtran9196/intel_project/QNeuro/results/seediv_P1.screen.log
QNEURO_DISPATCH_FAILED failed=1 timestamp=2026-08-31T13:01:11+00:00
QNEURO_SUPERVISOR_RESTART timestamp=2026-08-31T13:01:11+00:00
QNEURO_PLAN jobs=66 scheduler=vram_adaptive max_parallel=0 batch=32 epochs=100 workers=0 wandb=disabled reserve_mb=1024 estimate_mb=4300
WAIT_CAPACITY remaining=1 active=9 free_mb=7458 reserve_mb=1024
LAUNCHED job=seediv:P1 screen=qneuro_seediv_P1 active=9 free_mb=6058
LAUNCHED job=seediv:P7 screen=qneuro_seediv_P7 active=10 free_mb=5461
LAUNCHED job=seediv:P12 screen=qneuro_seediv_P12 active=9 free_mb=7370
WAIT_CAPACITY remaining=9 active=9 free_mb=5129 reserve_mb=1024
WAIT_CAPACITY remaining=9 active=9 free_mb=5127 reserve_mb=1024
LAUNCHED job=seediv:P14 screen=qneuro_seediv_P14 active=9 free_mb=7208
WAIT_CAPACITY remaining=11 active=9 free_mb=5149 reserve_mb=1024
WAIT_CAPACITY remaining=1 active=9 free_mb=5149 reserve_mb=1024
WAIT_CAPACITY remaining=1 active=9 free_mb=7466 reserve_mb=1024
LAUNCHED job=seediv:P1 screen=qneuro_seediv_P1 active=9 free_mb=6058
LAUNCHED job=seediv:P12 screen=qneuro_seediv_P12 active=10 free_mb=5461
WAIT_CAPACITY remaining=9 active=9 free_mb=5171 reserve_mb=1024
WAIT_CAPACITY remaining=9 active=9 free_mb=5161 reserve_mb=1024
WAIT_CAPACITY remaining=9 active=9 free_mb=7458 reserve_mb=1024
LAUNCHED job=seediv:P1 screen=qneuro_seediv_P1 active=9 free_mb=6060
LAUNCHED job=seediv:P14 screen=qneuro_seediv_P14 active=10 free_mb=5469
LAUNCHED job=seedv:P1 screen=qneuro_seedv_P1 active=9 free_mb=7318
LAUNCHED job=seedv:P2 screen=qneuro_seedv_P2 active=9 free_mb=7234
WAIT_CAPACITY remaining=13 active=9 free_mb=3685 reserve_mb=1024
WAIT_CAPACITY remaining=2 active=9 free_mb=3683 reserve_mb=1024
WAIT_CAPACITY remaining=2 active=9 free_mb=4749 reserve_mb=1024
WAIT_CAPACITY remaining=2 active=8 free_mb=4178 reserve_mb=1024
WAIT_CAPACITY remaining=2 active=8 free_mb=5274 reserve_mb=1024
WAIT_CAPACITY remaining=2 active=8 free_mb=5272 reserve_mb=1024
LAUNCHED job=seediv:P2 screen=qneuro_seediv_P2 active=8 free_mb=7513
LAUNCHED job=seediv:P14 screen=qneuro_seediv_P14 active=9 free_mb=6524
WAIT_CAPACITY remaining=10 active=9 free_mb=4059 reserve_mb=1024
WAIT_CAPACITY remaining=10 active=9 free_mb=4057 reserve_mb=1024
LAUNCHED job=seediv:P2 screen=qneuro_seediv_P2 active=9 free_mb=5476
WAIT_CAPACITY remaining=10 active=9 free_mb=4105 reserve_mb=1024
WAIT_CAPACITY remaining=10 active=9 free_mb=4101 reserve_mb=1024
WAIT_CAPACITY remaining=10 active=9 free_mb=4295 reserve_mb=1024
FAILED_AFTER_RETRIES job=seediv:P14 attempts=3 log=/home/namphuongtran9196/intel_project/QNeuro/results/seediv_P14.screen.log
QNEURO_DISPATCH_FAILED failed=1 timestamp=2026-08-31T13:34:56+00:00
QNEURO_SUPERVISOR_RESTART timestamp=2026-08-31T13:34:56+00:00
QNEURO_PLAN jobs=66 scheduler=vram_adaptive max_parallel=0 batch=32 epochs=100 workers=0 wandb=disabled reserve_mb=1024 estimate_mb=4300
WAIT_CAPACITY remaining=6 active=8 free_mb=5280 reserve_mb=1024
WAIT_CAPACITY remaining=6 active=8 free_mb=5272 reserve_mb=1024
LAUNCHED job=seediv:P14 screen=qneuro_seediv_P14 active=8 free_mb=8043
LAUNCHED job=seedv:P3 screen=qneuro_seedv_P3 active=8 free_mb=9781
WAIT_CAPACITY remaining=9 active=8 free_mb=4414 reserve_mb=1024
WAIT_CAPACITY remaining=9 active=8 free_mb=4406 reserve_mb=1024
WAIT_CAPACITY remaining=9 active=8 free_mb=4714 reserve_mb=1024
LAUNCHED job=seedv:P4 screen=qneuro_seedv_P4 active=9 free_mb=5804
WAIT_CAPACITY remaining=10 active=9 free_mb=4811 reserve_mb=1024
WAIT_CAPACITY remaining=10 active=9 free_mb=4807 reserve_mb=1024
WAIT_CAPACITY remaining=6 active=8 free_mb=3864 reserve_mb=1024
WAIT_CAPACITY remaining=6 active=8 free_mb=4176 reserve_mb=1024
WAIT_CAPACITY remaining=6 active=8 free_mb=5274 reserve_mb=1024
WAIT_CAPACITY remaining=6 active=8 free_mb=5272 reserve_mb=1024
LAUNCHED job=seediv:P14 screen=qneuro_seediv_P14 active=8 free_mb=7513
LAUNCHED job=seedv:P5 screen=qneuro_seedv_P5 active=9 free_mb=6488
WAIT_CAPACITY remaining=10 active=9 free_mb=3935 reserve_mb=1024
WAIT_CAPACITY remaining=10 active=9 free_mb=3931 reserve_mb=1024
LAUNCHED job=seedv:P6 screen=qneuro_seedv_P6 active=9 free_mb=6382
WAIT_CAPACITY remaining=11 active=9 free_mb=2645 reserve_mb=1024
WAIT_CAPACITY remaining=5 active=9 free_mb=2643 reserve_mb=1024
WAIT_CAPACITY remaining=5 active=8 free_mb=5588 reserve_mb=1024
LAUNCHED job=seediv:P2 screen=qneuro_seediv_P2 active=8 free_mb=5357
LAUNCHED job=seediv:P14 screen=qneuro_seediv_P14 active=9 free_mb=5456
WAIT_CAPACITY remaining=10 active=8 free_mb=5096 reserve_mb=1024
WAIT_CAPACITY remaining=9 active=8 free_mb=5094 reserve_mb=1024
WAIT_CAPACITY remaining=9 active=8 free_mb=3948 reserve_mb=1024
WAIT_CAPACITY remaining=9 active=8 free_mb=3890 reserve_mb=1024
WAIT_CAPACITY remaining=9 active=8 free_mb=4222 reserve_mb=1024
WAIT_CAPACITY remaining=9 active=8 free_mb=4214 reserve_mb=1024
LAUNCHED job=seedv:P7 screen=qneuro_seedv_P7 active=8 free_mb=6453
WAIT_CAPACITY remaining=9 active=7 free_mb=4817 reserve_mb=1024
WAIT_CAPACITY remaining=8 active=7 free_mb=4809 reserve_mb=1024
WAIT_CAPACITY remaining=8 active=7 free_mb=4829 reserve_mb=1024
LAUNCHED job=seedv:P8 screen=qneuro_seedv_P8 active=8 free_mb=5927
WAIT_CAPACITY remaining=9 active=8 free_mb=4516 reserve_mb=1024
WAIT_CAPACITY remaining=9 active=8 free_mb=4504 reserve_mb=1024
WAIT_CAPACITY remaining=9 active=8 free_mb=2058 reserve_mb=1024
WAIT_CAPACITY remaining=9 active=8 free_mb=3156 reserve_mb=1024
WAIT_CAPACITY remaining=9 active=8 free_mb=3154 reserve_mb=1024
LAUNCHED job=seedv:P9 screen=qneuro_seedv_P9 active=8 free_mb=5925
WAIT_CAPACITY remaining=9 active=8 free_mb=4496 reserve_mb=1024
WAIT_CAPACITY remaining=9 active=8 free_mb=2132 reserve_mb=1024
WAIT_CAPACITY remaining=9 active=8 free_mb=2060 reserve_mb=1024
WAIT_CAPACITY remaining=9 active=8 free_mb=3158 reserve_mb=1024
LAUNCHED job=seedv:P10 screen=qneuro_seedv_P10 active=8 free_mb=5927
WAIT_CAPACITY remaining=9 active=8 free_mb=4532 reserve_mb=1024
WAIT_CAPACITY remaining=9 active=8 free_mb=4524 reserve_mb=1024
WAIT_CAPACITY remaining=9 active=8 free_mb=2060 reserve_mb=1024
WAIT_CAPACITY remaining=9 active=8 free_mb=3158 reserve_mb=1024
WAIT_CAPACITY remaining=9 active=8 free_mb=3156 reserve_mb=1024
LAUNCHED job=seedv:P11 screen=qneuro_seedv_P11 active=8 free_mb=5927
WAIT_CAPACITY remaining=9 active=7 free_mb=4887 reserve_mb=1024
WAIT_CAPACITY remaining=8 active=7 free_mb=4883 reserve_mb=1024
WAIT_CAPACITY remaining=8 active=7 free_mb=4831 reserve_mb=1024
LAUNCHED job=seedv:P12 screen=qneuro_seedv_P12 active=8 free_mb=5929
WAIT_CAPACITY remaining=9 active=8 free_mb=4528 reserve_mb=1024
WAIT_CAPACITY remaining=9 active=8 free_mb=4504 reserve_mb=1024
WAIT_CAPACITY remaining=9 active=8 free_mb=2060 reserve_mb=1024
WAIT_CAPACITY remaining=9 active=8 free_mb=3158 reserve_mb=1024
WAIT_CAPACITY remaining=9 active=8 free_mb=3156 reserve_mb=1024
LAUNCHED job=seedv:P13 screen=qneuro_seedv_P13 active=8 free_mb=5925
WAIT_CAPACITY remaining=9 active=8 free_mb=4496 reserve_mb=1024
WAIT_CAPACITY remaining=9 active=8 free_mb=4494 reserve_mb=1024
WAIT_CAPACITY remaining=9 active=8 free_mb=2058 reserve_mb=1024
WAIT_CAPACITY remaining=9 active=8 free_mb=3156 reserve_mb=1024
LAUNCHED job=seedv:P14 screen=qneuro_seedv_P14 active=8 free_mb=5925
WAIT_CAPACITY remaining=9 active=8 free_mb=4508 reserve_mb=1024
WAIT_CAPACITY remaining=9 active=8 free_mb=4498 reserve_mb=1024
WAIT_CAPACITY remaining=9 active=8 free_mb=2058 reserve_mb=1024
WAIT_CAPACITY remaining=9 active=8 free_mb=3156 reserve_mb=1024
WAIT_CAPACITY remaining=9 active=8 free_mb=3154 reserve_mb=1024
LAUNCHED job=seedv:P15 screen=qneuro_seedv_P15 active=8 free_mb=5395
WAIT_CAPACITY remaining=9 active=7 free_mb=3825 reserve_mb=1024
WAIT_CAPACITY remaining=8 active=7 free_mb=3811 reserve_mb=1024
WAIT_CAPACITY remaining=8 active=7 free_mb=3769 reserve_mb=1024
WAIT_CAPACITY remaining=8 active=7 free_mb=4867 reserve_mb=1024
WAIT_CAPACITY remaining=8 active=7 free_mb=4865 reserve_mb=1024
LAUNCHED job=seedv:P16 screen=qneuro_seedv_P16 active=7 free_mb=7634
WAIT_CAPACITY remaining=8 active=7 free_mb=3545 reserve_mb=1024
WAIT_CAPACITY remaining=8 active=7 free_mb=3537 reserve_mb=1024
WAIT_CAPACITY remaining=8 active=7 free_mb=3769 reserve_mb=1024
WAIT_CAPACITY remaining=8 active=7 free_mb=4867 reserve_mb=1024
LAUNCHED job=seedvii:P1 screen=qneuro_seedvii_P1 active=7 free_mb=7636
WAIT_CAPACITY remaining=8 active=7 free_mb=3633 reserve_mb=1024
WAIT_CAPACITY remaining=8 active=7 free_mb=3625 reserve_mb=1024
WAIT_CAPACITY remaining=8 active=7 free_mb=3709 reserve_mb=1024
WAIT_CAPACITY remaining=8 active=7 free_mb=3719 reserve_mb=1024
LAUNCHED job=seedvii:P2 screen=qneuro_seedvii_P2 active=7 free_mb=6490
WAIT_CAPACITY remaining=8 active=7 free_mb=2363 reserve_mb=1024
WAIT_CAPACITY remaining=8 active=7 free_mb=2361 reserve_mb=1024
LAUNCHED job=seedvii:P3 screen=qneuro_seedvii_P3 active=7 free_mb=5334
WAIT_CAPACITY remaining=8 active=7 free_mb=1215 reserve_mb=1024
WAIT_CAPACITY remaining=8 active=7 free_mb=1209 reserve_mb=1024
WAIT_CAPACITY remaining=8 active=7 free_mb=1417 reserve_mb=1024
WAIT_CAPACITY remaining=8 active=7 free_mb=1427 reserve_mb=1024
WAIT_CAPACITY remaining=7 active=6 free_mb=4198 reserve_mb=1024
LAUNCHED job=seedvii:P4 screen=qneuro_seedvii_P4 active=6 free_mb=6969
WAIT_CAPACITY remaining=7 active=6 free_mb=4156 reserve_mb=1024
WAIT_CAPACITY remaining=7 active=6 free_mb=4148 reserve_mb=1024
WAIT_CAPACITY remaining=7 active=6 free_mb=3042 reserve_mb=1024
WAIT_CAPACITY remaining=7 active=6 free_mb=3052 reserve_mb=1024
LAUNCHED job=seedvii:P5 screen=qneuro_seedvii_P5 active=6 free_mb=5821
WAIT_CAPACITY remaining=7 active=6 free_mb=2170 reserve_mb=1024
WAIT_CAPACITY remaining=7 active=6 free_mb=1894 reserve_mb=1024
WAIT_CAPACITY remaining=7 active=6 free_mb=1902 reserve_mb=1024
WAIT_CAPACITY remaining=7 active=6 free_mb=1900 reserve_mb=1024
WAIT_CAPACITY remaining=7 active=6 free_mb=1898 reserve_mb=1024
WAIT_CAPACITY remaining=7 active=6 free_mb=1896 reserve_mb=1024
WAIT_CAPACITY remaining=6 active=5 free_mb=4665 reserve_mb=1024
WAIT_CAPACITY remaining=6 active=5 free_mb=4663 reserve_mb=1024
LAUNCHED job=seedvii:P6 screen=qneuro_seedvii_P6 active=5 free_mb=8582
WAIT_CAPACITY remaining=6 active=5 free_mb=4655 reserve_mb=1024
WAIT_CAPACITY remaining=6 active=5 free_mb=4665 reserve_mb=1024
LAUNCHED job=seedvii:P7 screen=qneuro_seedvii_P7 active=5 free_mb=8584
WAIT_CAPACITY remaining=6 active=5 free_mb=4657 reserve_mb=1024
LAUNCHED job=seedvii:P8 screen=qneuro_seedvii_P8 active=5 free_mb=8586
WAIT_CAPACITY remaining=6 active=5 free_mb=4659 reserve_mb=1024
WAIT_CAPACITY remaining=6 active=5 free_mb=4669 reserve_mb=1024
LAUNCHED job=seedvii:P9 screen=qneuro_seedvii_P9 active=5 free_mb=8588
WAIT_CAPACITY remaining=6 active=5 free_mb=4661 reserve_mb=1024
WAIT_CAPACITY remaining=6 active=5 free_mb=4671 reserve_mb=1024
LAUNCHED job=seedvii:P10 screen=qneuro_seedvii_P10 active=5 free_mb=8590
WAIT_CAPACITY remaining=6 active=5 free_mb=4663 reserve_mb=1024
WAIT_CAPACITY remaining=6 active=5 free_mb=4673 reserve_mb=1024
WAIT_CAPACITY remaining=6 active=5 free_mb=4671 reserve_mb=1024
WAIT_CAPACITY remaining=6 active=5 free_mb=4669 reserve_mb=1024
WAIT_CAPACITY remaining=6 active=5 free_mb=4667 reserve_mb=1024
WAIT_CAPACITY remaining=6 active=5 free_mb=4665 reserve_mb=1024
WAIT_CAPACITY remaining=6 active=5 free_mb=4663 reserve_mb=1024
LAUNCHED job=seedvii:P11 screen=qneuro_seedvii_P11 active=5 free_mb=8582
WAIT_CAPACITY remaining=6 active=5 free_mb=4655 reserve_mb=1024
WAIT_CAPACITY remaining=6 active=5 free_mb=4665 reserve_mb=1024
LAUNCHED job=seedvii:P12 screen=qneuro_seedvii_P12 active=5 free_mb=8584
WAIT_CAPACITY remaining=6 active=5 free_mb=4657 reserve_mb=1024
LAUNCHED job=seedvii:P13 screen=qneuro_seedvii_P13 active=5 free_mb=6850
WAIT_CAPACITY remaining=6 active=5 free_mb=4659 reserve_mb=1024
WAIT_CAPACITY remaining=6 active=5 free_mb=4669 reserve_mb=1024
LAUNCHED job=seedvii:P14 screen=qneuro_seedvii_P14 active=5 free_mb=8588
WAIT_CAPACITY remaining=6 active=5 free_mb=4661 reserve_mb=1024
WAIT_CAPACITY remaining=6 active=5 free_mb=4671 reserve_mb=1024
LAUNCHED job=seedvii:P15 screen=qneuro_seedvii_P15 active=5 free_mb=8590
WAIT_CAPACITY remaining=6 active=5 free_mb=4663 reserve_mb=1024
WAIT_CAPACITY remaining=6 active=5 free_mb=4673 reserve_mb=1024
WAIT_CAPACITY remaining=6 active=5 free_mb=4671 reserve_mb=1024
WAIT_CAPACITY remaining=6 active=5 free_mb=4669 reserve_mb=1024
WAIT_CAPACITY remaining=6 active=5 free_mb=4667 reserve_mb=1024
WAIT_CAPACITY remaining=6 active=5 free_mb=4665 reserve_mb=1024
WAIT_CAPACITY remaining=6 active=5 free_mb=4663 reserve_mb=1024
LAUNCHED job=seedvii:P16 screen=qneuro_seedvii_P16 active=5 free_mb=8582
WAIT_CAPACITY remaining=6 active=5 free_mb=4657 reserve_mb=1024
WAIT_CAPACITY remaining=6 active=5 free_mb=4667 reserve_mb=1024
LAUNCHED job=seedvii:P17 screen=qneuro_seedvii_P17 active=5 free_mb=8586
WAIT_CAPACITY remaining=6 active=5 free_mb=4659 reserve_mb=1024
LAUNCHED job=seedvii:P18 screen=qneuro_seedvii_P18 active=5 free_mb=8588
WAIT_CAPACITY remaining=6 active=5 free_mb=4661 reserve_mb=1024
WAIT_CAPACITY remaining=6 active=5 free_mb=4671 reserve_mb=1024
LAUNCHED job=seedvii:P19 screen=qneuro_seedvii_P19 active=5 free_mb=8590
WAIT_CAPACITY remaining=6 active=5 free_mb=4665 reserve_mb=1024
LAUNCHED job=seedvii:P20 screen=qneuro_seedvii_P20 active=6 free_mb=5963
RESERVE_BREACH job=seedvii:P20 free_mb=724 reserve_mb=1024 action=stop_newest
WAIT_CAPACITY remaining=6 active=5 free_mb=4675 reserve_mb=1024
LAUNCHED job=seedvii:P20 screen=qneuro_seedvii_P20 active=5 free_mb=8594
WAIT_CAPACITY remaining=5 active=5 free_mb=4667 reserve_mb=1024
WAIT_CAPACITY remaining=5 active=5 free_mb=4677 reserve_mb=1024
WAIT_CAPACITY remaining=5 active=5 free_mb=4675 reserve_mb=1024
WAIT_CAPACITY remaining=5 active=5 free_mb=4673 reserve_mb=1024
WAIT_CAPACITY remaining=5 active=5 free_mb=4671 reserve_mb=1024
WAIT_CAPACITY remaining=5 active=5 free_mb=4669 reserve_mb=1024
WAIT_CAPACITY remaining=5 active=5 free_mb=4667 reserve_mb=1024
WAIT_CAPACITY remaining=4 active=4 free_mb=8584 reserve_mb=1024
WAIT_CAPACITY remaining=3 active=3 free_mb=12503 reserve_mb=1024
WAIT_CAPACITY remaining=2 active=2 free_mb=16422 reserve_mb=1024
WAIT_CAPACITY remaining=1 active=1 free_mb=20339 reserve_mb=1024
QNEURO_DISPATCH_COMPLETE timestamp=2026-08-31T15:50:03+00:00
QNEURO_SUPERVISOR_EXIT code=0 timestamp=2026-08-31T15:50:03+00:00
